>fviz_nbclust(CA1, hcut, method = "wss") +
geom_vline(xintercept = 3, linetype = 2)+
labs(subtitle = "Elbow method")

#drei cluster?
> options(stringsAsFactors = FALSE)

> fviz_nbclust(CA1, hcut, method = "silhouette")+
labs(subtitle = "Silhouette method")
#zwei Cluster?

> d1 <- dist(CA1, method = 'euclidean')
> head(as.matrix(d1))

#Cluster Dendogramm

> hc.compl <- hclust(d1, method="complete")
> fviz_dend(hc.compl)

# Versuch mit PCA -> geht nicht weil BerufHEB nicht quantitativ ist
CA_means.pca <- PCA(CAmeans,
scale.unit = F,
ncp = 5,
graph = F)

> corrplot(CA1, is.corr=FALSE) # unübersichtlich

# Gap statistic (maximum)
fviz_nbclust(CA1, kmeans, nstart = 4,  method = "gap_stat", nboot = 500)

# Dendogramm mit vier Cluster
> fviz_dend(hc.compl,4)

# Clustersulution
cluster <- cutree(hc.compl, k = 4)
head(cluster)

# k-means
> d1.k <- kmeans(d1, 
 4, 
 iter.max = 10, 
 nstart = 2)
print(d1.k)
> d1.k$cluster

#Clusterplot

fviz_cluster(data = d1,
+ d1.k)

# Cluster 1 und 3 sind sehr deckend also doch besser 3 cluster

#Dedogramm mit drei Clustern

>  fviz_dend(hc.compl,3)

#Clustersulution mit 3 Clustern
> cluster <- cutree(hc.compl, k = 3)
> head(cluster)

# k-means mit 3 Clustern

> d1.k <- kmeans(d1, 
3, 
iter.max = 10, 
nstart = 2)
print(d1.k)
> d1.k$cluster

#Clusterplot mit drei Dimensionen

fviz_cluster(data = d1,
+ d1.k)
#viel besser!

#aggregate
aggregate(d1, by=list(cluster=d1$cluster), mean)
# Fehlermeldung: Error in as.data.frame.default(x) : 
  cannot coerce class ‘"dist"’ to a data.frame
  Ich glaube wir müssen d1 in ein data-frame umwandeln. 
  
 > install.packages("spaa")
 > library("spaa")
 > head(dist2list(d1))
 > d1 <-dist2list(d1)
 > class(d1)
 #d1 ist jetzt ein dataframe
 > aggregate(d1, by=list(cluster=d1$cluster), mean)
 #Fehlermeldung: Error in aggregate.data.frame(d1, by = list(cluster = d1$cluster), mean) : 
  arguments must have same length
  
  #corrplot
  
 > corrplot(d1, is.corr=FALSE)
 
# Fehlermeldung: Error in matrix(value, nrow = nr, dimnames = list(rn, cn)) : 
  length of 'dimnames' [2] not equal to array extent
In addition: Warning messages:
1: In Ops.factor(left, right) : ‘<’ not meaningful for factors
2: In Ops.factor(left, right) : ‘<’ not meaningful for factors

#Vielleicht war das mit spaa Mist, die Variable wieder zurücksetzen

 > d1 <- dist(CA1, method = 'euclidean')
 
> corrplot(d1, is.corr=FALSE)

# Wieder Fehlermeldung: Error in corrplot(d1, is.corr = FALSE) : Need a matrix or data frame!

#pca

fviz_cluster(data = d1,
+ d1.k)
CA.pca <- PCA(CA1,
scale.unit = F,
ncp = 3, graph = F)
print(swiss.pca)
print(CA.pca)
> CA.pca$eig
#die drei Cluster erklären 73% Varianz (kann man das so sagen?)

#Scree plot
> fviz_eig(CA.pca, 
          addlabels = TRUE)
          
 # Output
 
 > var <- CA.pca$var
> names(var)
> head(var$coord)
> fviz_pca_var(CA.pca, col.var = "black")  #nicht alle Variablen leserlich
> fviz_pca_var(
     CA.pca,
     axes = c(1, 2),
     repel = TRUE,
     col.var = "black",
     fill.var = "white",
     alpha.var = 1,
     col.quanti.sup = "blue",
     col.circle = "grey70",
    select.var = list(name = NULL, cos2 = NULL, contrib = NULL) #besser
    
    > head(var$cos2)
   #corrplot
   > corrplot(var$cos2, is.corr=FALSE)
   #Dimension 1 clustert besonders nach EinkommenHEB, AbschlussHEB und Haushaltseinkommen.
   #Dimension 2 clustert besonders nach Einkommen, AbschlussHEB und StaatsangehörigkeitHEB
   #Dimension 3 clustert fast ausschließlich nach GeschlechtsHEB
   
   head(var$contrib)
   > corrplot(var$contrib, is.corr=FALSE) 
   #interessant dass eine Dimension gibt die außschließlich mit Geschlecht clustert.
   #mögliche Interpretation: Es gibt einen Zusammenhang zwischen Geschlcht und Berufsgruppen, bei dem in unserer Clusteranalyse untersuchten Variablen keine Störungsvariablen darstellen
   
  
